// Vitest Snapshot v1, https://vitest.dev/guide/snapshot.html

exports[`lightTheme tokens > matches the accessibility-locked palette snapshot 1`] = `
{
  "accent": "#0023e6",
  "accentLight": "#e8eeff",
  "accentText": "#ffffff",
  "background": "#f0f4ff",
  "backgroundSecondary": "#e8eeff",
  "badgeErrorBg": "#fee2e2",
  "badgeErrorText": "#dc2626",
  "badgeInfoBg": "#dbeafe",
  "badgeInfoText": "#1d4ed8",
  "badgeSuccessBg": "#dcfce7",
  "badgeSuccessText": "#16a34a",
  "badgeWarningBg": "#fef9c3",
  "badgeWarningText": "#854d0e",
  "border": "rgba(0,0,0,0.10)",
  "borderFocus": "#0023e6",
  "btnDangerBg": "#fee2e2",
  "btnDangerText": "#dc2626",
  "btnPrimaryBg": "#0023e6",
  "btnPrimaryText": "#ffffff",
  "btnSecondaryBg": "rgba(0,35,230,0.10)",
  "btnSecondaryBorder": "rgba(0,35,230,0.25)",
  "btnSecondaryText": "#0023e6",
  "cardBg": "#ffffff",
  "cardBorder": "rgba(0,35,230,0.12)",
  "cardShadow": "0 2px 12px rgba(0,0,0,0.08)",
  "divider": "rgba(0,0,0,0.06)",
  "headerBg": "#ffffff",
  "headerBorder": "rgba(0,0,0,0.08)",
  "headerShadow": "0 1px 8px rgba(0,0,0,0.08)",
  "headerText": "#0d1426",
  "inputBg": "#ffffff",
  "inputBorder": "rgba(0,0,0,0.15)",
  "inputBorderFocus": "#0023e6",
  "inputPlaceholder": "#9ca3af",
  "inputText": "#0d1426",
  "listItemBg": "#ffffff",
  "listItemBorder": "rgba(0,0,0,0.06)",
  "listItemHover": "#f5f7ff",
  "liveBadgeBg": "#dcfce7",
  "liveBadgeDot": "#16a34a",
  "liveBadgeText": "#16a34a",
  "navActiveBg": "rgba(0,35,230,0.08)",
  "navBg": "#ffffff",
  "navBorder": "rgba(0,0,0,0.08)",
  "navIconActive": "#0023e6",
  "navIconInactive": "#6b7a99",
  "navLabelActive": "#0023e6",
  "navLabelInactive": "#6b7a99",
  "pillBg": "rgba(0,35,230,0.10)",
  "pillBorder": "rgba(0,35,230,0.20)",
  "pillText": "#0023e6",
  "statActive": "#ea580c",
  "statAnswered": "#16a34a",
  "statDuration": "#0891b2",
  "statMissed": "#dc2626",
  "statOnline": "#0d9488",
  "statRate": "#7c3aed",
  "statTotal": "#0023e6",
  "statVoicemail": "#d97706",
  "statusAway": "#d97706",
  "statusBusy": "#dc2626",
  "statusOffline": "#9ca3af",
  "statusOnline": "#16a34a",
  "surface": "#ffffff",
  "surfaceHover": "#f5f7ff",
  "textDisabled": "#a0aabb",
  "textMuted": "#6b7a99",
  "textPrimary": "#0d1426",
  "textSecondary": "#3a4560",
}
`;
